 WARN cache for Repodata at /home/csung/.cache/rattler/cache/repodata is on a network/parallel filesystem (NFS/SMB/FUSE/BeeGFS/Lustre/GPFS/CephFS), redirected to /tmp/pixi-cache-csung/repodata for this run. Set [cache.repodata] in config.toml or PIXI_CACHE_DIR to override, or [cache.netfs-redirect] = "never" to keep the original path.
	/gpfs/projects/bgmp/csung/bioinfo/bi623/Project-2-Electric-organ-RNA-seq-analysis/.pixi/envs/default/bin/STAR-avx2 --runThreadN 8 --runMode genomeGenerate --genomeDir campylomormyrus_STAR_2.7.11b/ --genomeFastaFiles campylomormyrus.fasta --sjdbGTFfile campylomormyrus.gtf
	STAR version: 2.7.11b   compiled: 2025-11-14T12:06:42+0000 :/opt/conda/conda-bld/star_1763121846936/work/source
Sep 03 10:53:23 ..... started STAR run
Sep 03 10:53:23 ... starting to generate Genome files
Sep 03 10:53:31 ..... processing annotations GTF
!!!!! WARNING: --genomeSAindexNbases 14 is too large for the genome size=862592683, which may cause seg-fault at the mapping step. Re-run genome generation with recommended --genomeSAindexNbases 13
Sep 03 10:53:39 ... starting to sort Suffix Array. This may take a long time...
Sep 03 10:53:42 ... sorting Suffix Array chunks and saving them to disk...
Sep 03 10:55:43 ... loading chunks from disk, packing SA...
Sep 03 10:55:56 ... finished generating suffix array
Sep 03 10:55:56 ... generating Suffix Array index
Sep 03 10:58:06 ... completed Suffix Array index
Sep 03 10:58:06 ..... inserting junctions into the genome indices
Sep 03 10:59:28 ... writing Genome to disk ...
Sep 03 10:59:28 ... writing Suffix Array to disk ...
Sep 03 10:59:36 ... writing SAindex to disk
Sep 03 10:59:36 ..... finished successfully
	Command being timed: "pixi run STAR --runThreadN 8 --runMode genomeGenerate --genomeDir campylomormyrus_STAR_2.7.11b/ --genomeFastaFiles campylomormyrus.fasta --sjdbGTFfile campylomormyrus.gtf"
	User time (seconds): 1301.28
	System time (seconds): 7.96
	Percent of CPU this job got: 343%
	Elapsed (wall clock) time (h:mm:ss or m:ss): 6:21.31
	Average shared text size (kbytes): 0
	Average unshared data size (kbytes): 0
	Average stack size (kbytes): 0
	Average total size (kbytes): 0
	Maximum resident set size (kbytes): 25583548
	Average resident set size (kbytes): 0
	Major (requiring I/O) page faults: 0
	Minor (reclaiming a frame) page faults: 2397746
	Voluntary context switches: 12191
	Involuntary context switches: 1664
	Swaps: 0
	File system inputs: 0
	File system outputs: 416
	Socket messages sent: 0
	Socket messages received: 0
	Signals delivered: 0
	Page size (bytes): 4096
	Exit status: 0
