/gpfs/projects/bgmp/csung/bioinfo/bi623/Project-2-Electric-organ-RNA-seq-analysis/.pixi/envs/default/lib/python3.12/site-packages/HTSeq/__init__.py:625: SyntaxWarning: invalid escape sequence '\='
  _re_vcf_meta_comment = re.compile("^##([a-zA-Z]+)\=(.*)$")
usage: htseq-count [-h] [--version] [-f {sam,bam,auto}] [-r {pos,name}]
                   [--max-reads-in-buffer MAX_BUFFER_SIZE]
                   [-s {yes,no,reverse}] [-a MINAQUAL] [-t FEATURE_TYPE]
                   [-i IDATTR] [--additional-attr ADDITIONAL_ATTRIBUTES]
                   [--add-chromosome-info]
                   [-m {union,intersection-strict,intersection-nonempty}]
                   [--nonunique {none,all,fraction,random}]
                   [--secondary-alignments {score,ignore}]
                   [--supplementary-alignments {score,ignore}] [-o SAMOUTS]
                   [-p {SAM,BAM,sam,bam}] [-d OUTPUT_DELIMITER]
                   [-c OUTPUT_FILENAME] [--counts-output-sparse]
                   [--append-output] [-n NPROCESSES]
                   [--feature-query FEATURE_QUERY] [-q] [--with-header]
                   samfilenames [samfilenames ...] featuresfilename
htseq-count: error: the following arguments are required: featuresfilename
Command exited with non-zero status 2
	Command being timed: "htseq-count -i Parent  "
	User time (seconds): 0.64
	System time (seconds): 0.03
	Percent of CPU this job got: 12%
	Elapsed (wall clock) time (h:mm:ss or m:ss): 0:05.56
	Average shared text size (kbytes): 0
	Average unshared data size (kbytes): 0
	Average stack size (kbytes): 0
	Average total size (kbytes): 0
	Maximum resident set size (kbytes): 38540
	Average resident set size (kbytes): 0
	Major (requiring I/O) page faults: 0
	Minor (reclaiming a frame) page faults: 8766
	Voluntary context switches: 1888
	Involuntary context switches: 14
	Swaps: 0
	File system inputs: 0
	File system outputs: 0
	Socket messages sent: 0
	Socket messages received: 0
	Signals delivered: 0
	Page size (bytes): 4096
	Exit status: 2
/var/spool/slurm/job47042581/slurm_script: line 11: --stranded=yes: command not found
