 WARN cache for Repodata at /home/csung/.cache/rattler/cache/repodata is on a network/parallel filesystem (NFS/SMB/FUSE/BeeGFS/Lustre/GPFS/CephFS), redirected to /tmp/pixi-cache-csung/repodata for this run. Set [cache.repodata] in config.toml or PIXI_CACHE_DIR to override, or [cache.netfs-redirect] = "never" to keep the original path.
	/gpfs/projects/bgmp/csung/bioinfo/bi623/Project-2-Electric-organ-RNA-seq-analysis/.pixi/envs/default/bin/STAR-avx2 --runThreadN 8 --runMode alignReads --outFilterMultimapNmax 3 --outSAMunmapped Within KeepPairs --alignIntronMax 1000000 --alignMatesGapMax 1000000 --readFilesCommand zcat --readFilesIn Cco_com101_EO_adult_1_1_paired.fastq.gz Cco_com101_EO_adult_1_2_paired.fastq.gz --genomeDir campylomormyrus_STAR_2.7.11b/ --outFileNamePrefix Cco_com101_EO_adult_1
	STAR version: 2.7.11b   compiled: 2025-11-14T12:06:42+0000 :/opt/conda/conda-bld/star_1763121846936/work/source
Sep 03 11:15:49 ..... started STAR run
Sep 03 11:15:49 ..... loading genome
Sep 03 11:15:57 ..... started mapping
Sep 03 11:26:44 ..... finished mapping
Sep 03 11:26:45 ..... finished successfully
	Command being timed: "pixi run STAR --runThreadN 8 --runMode alignReads --outFilterMultimapNmax 3 --outSAMunmapped Within KeepPairs --alignIntronMax 1000000 --alignMatesGapMax 1000000 --readFilesCommand zcat --readFilesIn Cco_com101_EO_adult_1_1_paired.fastq.gz Cco_com101_EO_adult_1_2_paired.fastq.gz --genomeDir campylomormyrus_STAR_2.7.11b/ --outFileNamePrefix Cco_com101_EO_adult_1"
	User time (seconds): 4897.98
	System time (seconds): 8.88
	Percent of CPU this job got: 740%
	Elapsed (wall clock) time (h:mm:ss or m:ss): 11:02.53
	Average shared text size (kbytes): 0
	Average unshared data size (kbytes): 0
	Average stack size (kbytes): 0
	Average total size (kbytes): 0
	Maximum resident set size (kbytes): 11402316
	Average resident set size (kbytes): 0
	Major (requiring I/O) page faults: 0
	Minor (reclaiming a frame) page faults: 217512
	Voluntary context switches: 513168
	Involuntary context switches: 13590
	Swaps: 0
	File system inputs: 0
	File system outputs: 416
	Socket messages sent: 0
	Socket messages received: 0
	Signals delivered: 0
	Page size (bytes): 4096
	Exit status: 0
 WARN cache for Repodata at /home/csung/.cache/rattler/cache/repodata is on a network/parallel filesystem (NFS/SMB/FUSE/BeeGFS/Lustre/GPFS/CephFS), redirected to /tmp/pixi-cache-csung/repodata for this run. Set [cache.repodata] in config.toml or PIXI_CACHE_DIR to override, or [cache.netfs-redirect] = "never" to keep the original path.
	/gpfs/projects/bgmp/csung/bioinfo/bi623/Project-2-Electric-organ-RNA-seq-analysis/.pixi/envs/default/bin/STAR-avx2 --runThreadN 8 --runMode alignReads --outFilterMultimapNmax 3 --outSAMunmapped Within KeepPairs --alignIntronMax 1000000 --alignMatesGapMax 1000000 --readFilesCommand zcat --readFilesIn CcoxCrh_comrhy110_EO_adult_1_1_paired.fastq.gz CcoxCrh_comrhy110_EO_adult_1_2_paired.fastq.gz --genomeDir campylomormyrus_STAR_2.7.11b/ --outFileNamePrefix CcoxCrh_comrhy110_EO_adult_1
	STAR version: 2.7.11b   compiled: 2025-11-14T12:06:42+0000 :/opt/conda/conda-bld/star_1763121846936/work/source
Sep 03 11:26:49 ..... started STAR run
Sep 03 11:26:49 ..... loading genome
Sep 03 11:27:09 ..... started mapping
Sep 03 11:28:55 ..... finished mapping
Sep 03 11:28:55 ..... finished successfully
	Command being timed: "pixi run STAR --runThreadN 8 --runMode alignReads --outFilterMultimapNmax 3 --outSAMunmapped Within KeepPairs --alignIntronMax 1000000 --alignMatesGapMax 1000000 --readFilesCommand zcat --readFilesIn CcoxCrh_comrhy110_EO_adult_1_1_paired.fastq.gz CcoxCrh_comrhy110_EO_adult_1_2_paired.fastq.gz --genomeDir campylomormyrus_STAR_2.7.11b/ --outFileNamePrefix CcoxCrh_comrhy110_EO_adult_1"
	User time (seconds): 774.23
	System time (seconds): 2.82
	Percent of CPU this job got: 598%
	Elapsed (wall clock) time (h:mm:ss or m:ss): 2:09.89
	Average shared text size (kbytes): 0
	Average unshared data size (kbytes): 0
	Average stack size (kbytes): 0
	Average total size (kbytes): 0
	Maximum resident set size (kbytes): 11233776
	Average resident set size (kbytes): 0
	Major (requiring I/O) page faults: 0
	Minor (reclaiming a frame) page faults: 215448
	Voluntary context switches: 97655
	Involuntary context switches: 2347
	Swaps: 0
	File system inputs: 0
	File system outputs: 416
	Socket messages sent: 0
	Socket messages received: 0
	Signals delivered: 0
	Page size (bytes): 4096
	Exit status: 0
