100000 GFF lines processed.
200000 GFF lines processed.
300000 GFF lines processed.
400000 GFF lines processed.
500000 GFF lines processed.
600000 GFF lines processed.
700000 GFF lines processed.
800000 GFF lines processed.
900000 GFF lines processed.
1000000 GFF lines processed.
1100000 GFF lines processed.
1200000 GFF lines processed.
1300000 GFF lines processed.
1400000 GFF lines processed.
1500000 GFF lines processed.
1600000 GFF lines processed.
1700000 GFF lines processed.
1800000 GFF lines processed.
1900000 GFF lines processed.
2000000 GFF lines processed.
2100000 GFF lines processed.
2200000 GFF lines processed.
2300000 GFF lines processed.
2400000 GFF lines processed.
2500000 GFF lines processed.
2600000 GFF lines processed.
2700000 GFF lines processed.
2800000 GFF lines processed.
2900000 GFF lines processed.
3000000 GFF lines processed.
3100000 GFF lines processed.
3200000 GFF lines processed.
3300000 GFF lines processed.
3400000 GFF lines processed.
3500000 GFF lines processed.
3600000 GFF lines processed.
3700000 GFF lines processed.
3800000 GFF lines processed.
3900000 GFF lines processed.
4000000 GFF lines processed.
4100000 GFF lines processed.
4200000 GFF lines processed.
4300000 GFF lines processed.
4400000 GFF lines processed.
4500000 GFF lines processed.
4600000 GFF lines processed.
4700000 GFF lines processed.
4800000 GFF lines processed.
4900000 GFF lines processed.
5000000 GFF lines processed.
5100000 GFF lines processed.
5200000 GFF lines processed.
5300000 GFF lines processed.
5400000 GFF lines processed.
5500000 GFF lines processed.
5600000 GFF lines processed.
5700000 GFF lines processed.
5800000 GFF lines processed.
5900000 GFF lines processed.
6000000 GFF lines processed.
6100000 GFF lines processed.
6200000 GFF lines processed.
6300000 GFF lines processed.
6400000 GFF lines processed.
6500000 GFF lines processed.
6600000 GFF lines processed.
6700000 GFF lines processed.
6800000 GFF lines processed.
6900000 GFF lines processed.
7000000 GFF lines processed.
7100000 GFF lines processed.
7200000 GFF lines processed.
7300000 GFF lines processed.
7400000 GFF lines processed.
7500000 GFF lines processed.
7600000 GFF lines processed.
7700000 GFF lines processed.
7800000 GFF lines processed.
7900000 GFF lines processed.
8000000 GFF lines processed.
8038017 GFF lines processed.
100000 alignment record pairs processed.
200000 alignment record pairs processed.
300000 alignment record pairs processed.
400000 alignment record pairs processed.
500000 alignment record pairs processed.
600000 alignment record pairs processed.
700000 alignment record pairs processed.
800000 alignment record pairs processed.
900000 alignment record pairs processed.
1000000 alignment record pairs processed.
1100000 alignment record pairs processed.
1200000 alignment record pairs processed.
1300000 alignment record pairs processed.
1400000 alignment record pairs processed.
1500000 alignment record pairs processed.
1600000 alignment record pairs processed.
1700000 alignment record pairs processed.
1800000 alignment record pairs processed.
1900000 alignment record pairs processed.
2000000 alignment record pairs processed.
2100000 alignment record pairs processed.
2200000 alignment record pairs processed.
2300000 alignment record pairs processed.
2400000 alignment record pairs processed.
2500000 alignment record pairs processed.
2600000 alignment record pairs processed.
2700000 alignment record pairs processed.
2800000 alignment record pairs processed.
2900000 alignment record pairs processed.
3000000 alignment record pairs processed.
3100000 alignment record pairs processed.
3200000 alignment record pairs processed.
3300000 alignment record pairs processed.
3400000 alignment record pairs processed.
3500000 alignment record pairs processed.
3600000 alignment record pairs processed.
3700000 alignment record pairs processed.
3800000 alignment record pairs processed.
3900000 alignment record pairs processed.
4000000 alignment record pairs processed.
4100000 alignment record pairs processed.
4200000 alignment record pairs processed.
4300000 alignment record pairs processed.
4400000 alignment record pairs processed.
4500000 alignment record pairs processed.
4600000 alignment record pairs processed.
4700000 alignment record pairs processed.
4800000 alignment record pairs processed.
4900000 alignment record pairs processed.
5000000 alignment record pairs processed.
5100000 alignment record pairs processed.
5200000 alignment record pairs processed.
5300000 alignment record pairs processed.
5400000 alignment record pairs processed.
5500000 alignment record pairs processed.
5600000 alignment record pairs processed.
5700000 alignment record pairs processed.
5800000 alignment record pairs processed.
5900000 alignment record pairs processed.
6000000 alignment record pairs processed.
6100000 alignment record pairs processed.
6200000 alignment record pairs processed.
6300000 alignment record pairs processed.
6400000 alignment record pairs processed.
6500000 alignment record pairs processed.
6600000 alignment record pairs processed.
6700000 alignment record pairs processed.
6800000 alignment record pairs processed.
6900000 alignment record pairs processed.
7000000 alignment record pairs processed.
7100000 alignment record pairs processed.
7200000 alignment record pairs processed.
7300000 alignment record pairs processed.
7400000 alignment record pairs processed.
7500000 alignment record pairs processed.
7600000 alignment record pairs processed.
7700000 alignment record pairs processed.
7800000 alignment record pairs processed.
7900000 alignment record pairs processed.
8000000 alignment record pairs processed.
8100000 alignment record pairs processed.
8200000 alignment record pairs processed.
8300000 alignment record pairs processed.
8400000 alignment record pairs processed.
8500000 alignment record pairs processed.
8600000 alignment record pairs processed.
8700000 alignment record pairs processed.
8775408 alignment record pairs processed.
  Format not recognized for output count file: txt
  [Exception type: ValueError, raised in utils.py:371]
Command exited with non-zero status 1
	Command being timed: "htseq-count -i Parent --stranded=yes -c count_stranded_CcoxCrh_comrhy110_EO_adult_1.txt CcoxCrh_comrhy110_EO_adult_1Aligned.out.sam campylomormyrus.gff"
	User time (seconds): 545.50
	System time (seconds): 3.18
	Percent of CPU this job got: 98%
	Elapsed (wall clock) time (h:mm:ss or m:ss): 9:15.01
	Average shared text size (kbytes): 0
	Average unshared data size (kbytes): 0
	Average stack size (kbytes): 0
	Average total size (kbytes): 0
	Maximum resident set size (kbytes): 151744
	Average resident set size (kbytes): 0
	Major (requiring I/O) page faults: 0
	Minor (reclaiming a frame) page faults: 313817
	Voluntary context switches: 2132
	Involuntary context switches: 210
	Swaps: 0
	File system inputs: 0
	File system outputs: 0
	Socket messages sent: 0
	Socket messages received: 0
	Signals delivered: 0
	Page size (bytes): 4096
	Exit status: 1
