	Command being timed: "gzip /projects/bgmp/csung/bioinfo/bi623/Project-2-Electric-organ-RNA-seq-analysis/SRR25630384_1.fastq"
	User time (seconds): 259.76
	System time (seconds): 0.89
	Percent of CPU this job got: 92%
	Elapsed (wall clock) time (h:mm:ss or m:ss): 4:41.86
	Average shared text size (kbytes): 0
	Average unshared data size (kbytes): 0
	Average stack size (kbytes): 0
	Average total size (kbytes): 0
	Maximum resident set size (kbytes): 2128
	Average resident set size (kbytes): 0
	Major (requiring I/O) page faults: 0
	Minor (reclaiming a frame) page faults: 208
	Voluntary context switches: 261
	Involuntary context switches: 898
	Swaps: 0
	File system inputs: 0
	File system outputs: 0
	Socket messages sent: 0
	Socket messages received: 0
	Signals delivered: 0
	Page size (bytes): 4096
	Exit status: 0
