	Command being timed: "gzip /projects/bgmp/csung/bioinfo/bi623/Project-2-Electric-organ-RNA-seq-analysis/SRR25630408_1.fastq"
	User time (seconds): 1606.85
	System time (seconds): 5.10
	Percent of CPU this job got: 99%
	Elapsed (wall clock) time (h:mm:ss or m:ss): 26:58.22
	Average shared text size (kbytes): 0
	Average unshared data size (kbytes): 0
	Average stack size (kbytes): 0
	Average total size (kbytes): 0
	Maximum resident set size (kbytes): 1880
	Average resident set size (kbytes): 0
	Major (requiring I/O) page faults: 0
	Minor (reclaiming a frame) page faults: 207
	Voluntary context switches: 1149
	Involuntary context switches: 3898
	Swaps: 0
	File system inputs: 0
	File system outputs: 0
	Socket messages sent: 0
	Socket messages received: 0
	Signals delivered: 0
	Page size (bytes): 4096
	Exit status: 0
