/gpfs/projects/bgmp/csung/bioinfo/bi623/Project-2-Electric-organ-RNA-seq-analysis/.pixi/envs/default/bin/cutadapt: line 2: /gpfs/projects/bgmp/csung/bioinfo/bi623/Project-2-Electric-organ-RNA-seq-analysis/Project2_QAA/.pixi/envs/default/bin/python: No such file or directory
Command exited with non-zero status 127
	Command being timed: "cutadapt -a AGATCGGAAGAGCACACGTCTGAACTCCAGTCA -A AGATCGGAAGAGCGTCGTGTAGGGAAAGAGTGT -o Cco_com101_EO_adult_1_1_cut.fastq.gz -p Cco_com101_EO_adult_1_2_cut.fastq.gz Cco_com101_EO_adult_1_1.fastq.gz Cco_com101_EO_adult_1_2.fastq.gz"
	User time (seconds): 0.00
	System time (seconds): 0.00
	Percent of CPU this job got: 50%
	Elapsed (wall clock) time (h:mm:ss or m:ss): 0:00.00
	Average shared text size (kbytes): 0
	Average unshared data size (kbytes): 0
	Average stack size (kbytes): 0
	Average total size (kbytes): 0
	Maximum resident set size (kbytes): 3320
	Average resident set size (kbytes): 0
	Major (requiring I/O) page faults: 0
	Minor (reclaiming a frame) page faults: 169
	Voluntary context switches: 11
	Involuntary context switches: 0
	Swaps: 0
	File system inputs: 0
	File system outputs: 0
	Socket messages sent: 0
	Socket messages received: 0
	Signals delivered: 0
	Page size (bytes): 4096
	Exit status: 127
/gpfs/projects/bgmp/csung/bioinfo/bi623/Project-2-Electric-organ-RNA-seq-analysis/.pixi/envs/default/bin/cutadapt: line 2: /gpfs/projects/bgmp/csung/bioinfo/bi623/Project-2-Electric-organ-RNA-seq-analysis/Project2_QAA/.pixi/envs/default/bin/python: No such file or directory
Command exited with non-zero status 127
	Command being timed: "cutadapt -a AGATCGGAAGAGCACACGTCTGAACTCCAGTCA -A AGATCGGAAGAGCGTCGTGTAGGGAAAGAGTGT -o CcoxCrh_comrhy110_EO_adult_1_1.fastq.gz -p CcoxCrh_comrhy110_EO_adult_1_2.fastq.gz CcoxCrh_comrhy110_EO_adult_1_1_cut.fastq.gz CcoxCrh_comrhy110_EO_adult_1_2_cut.fastq.gz"
	User time (seconds): 0.00
	System time (seconds): 0.00
	Percent of CPU this job got: 100%
	Elapsed (wall clock) time (h:mm:ss or m:ss): 0:00.00
	Average shared text size (kbytes): 0
	Average unshared data size (kbytes): 0
	Average stack size (kbytes): 0
	Average total size (kbytes): 0
	Maximum resident set size (kbytes): 3308
	Average resident set size (kbytes): 0
	Major (requiring I/O) page faults: 0
	Minor (reclaiming a frame) page faults: 168
	Voluntary context switches: 2
	Involuntary context switches: 0
	Swaps: 0
	File system inputs: 0
	File system outputs: 0
	Socket messages sent: 0
	Socket messages received: 0
	Signals delivered: 0
	Page size (bytes): 4096
	Exit status: 127
