This is cutadapt 5.2 with Python 3.12.14
Command line parameters: -a AGATCGGAAGAGCACACGTCTGAACTCCAGTCA -A AGATCGGAAGAGCGTCGTGTAGGGAAAGAGTGT -o Cco_com101_EO_adult_1_1_cut.fastq.gz -p Cco_com101_EO_adult_1_2_cut.fastq.gz Cco_com101_EO_adult_1_1.fastq.gz Cco_com101_EO_adult_1_2.fastq.gz
Processing paired-end reads on 1 core ...

=== Summary ===

Total read pairs processed:         54,900,823
  Read 1 with adapter:               9,563,128 (17.4%)
  Read 2 with adapter:               9,347,646 (17.0%)
Pairs written (passing filters):    54,900,823 (100.0%)

Total basepairs processed: 16,470,246,900 bp
  Read 1: 8,235,123,450 bp
  Read 2: 8,235,123,450 bp
Total written (filtered):  15,900,635,624 bp (96.5%)
  Read 1: 7,942,301,314 bp
  Read 2: 7,958,334,310 bp

=== First read: Adapter 1 ===

Sequence: AGATCGGAAGAGCACACGTCTGAACTCCAGTCA; Type: regular 3'; Length: 33; Trimmed: 9563128 times

Minimum overlap: 3
No. of allowed errors:
1-9 bp: 0; 10-19 bp: 1; 20-29 bp: 2; 30-33 bp: 3

Bases preceding removed adapters:
  A: 12.9%
  C: 45.0%
  G: 28.0%
  T: 14.0%
  none/other: 0.2%

Overview of removed sequences
length	count	expect	max.err	error counts
3	971916	857825.4	0	971916
4	335036	214456.3	0	335036
5	205363	53614.1	0	205363
6	177916	13403.5	0	177916
7	165585	3350.9	0	165585
8	161969	837.7	0	161969
9	163541	209.4	0	162536 1005
10	167165	52.4	1	160824 6341
11	168718	13.1	1	161106 7612
12	168965	3.3	1	161000 7965
13	168219	0.8	1	159829 8390
14	167799	0.2	1	158995 8804
15	165012	0.1	1	155801 9211
16	157018	0.0	1	147805 9213
17	151574	0.0	1	141925 9649
18	148593	0.0	1	138396 10006 191
19	145352	0.0	1	134491 10565 296
20	149248	0.0	2	137009 10800 1439
21	149807	0.0	2	136949 11111 1747
22	149826	0.0	2	136440 11408 1978
23	149913	0.0	2	136106 11757 2050
24	148910	0.0	2	135335 11567 2008
25	141857	0.0	2	127667 12243 1947
26	142875	0.0	2	128662 12111 2102
27	132213	0.0	2	118758 11346 2010 99
28	130219	0.0	2	116549 11497 2013 160
29	129454	0.0	2	115830 11481 1990 153
30	127038	0.0	3	112524 11823 1988 703
31	128063	0.0	3	113006 12191 2088 778
32	127278	0.0	3	112446 11957 2107 768
33	128917	0.0	3	113681 12330 2094 812
34	127494	0.0	3	112561 12049 2128 756
35	126596	0.0	3	111938 11845 2075 738
36	120831	0.0	3	106491 11677 1926 737
37	121829	0.0	3	107501 11543 1990 795
38	113717	0.0	3	100740 10426 1847 704
39	111474	0.0	3	98740 10327 1749 658
40	111161	0.0	3	98202 10441 1825 693
41	108140	0.0	3	95397 10290 1757 696
42	106422	0.0	3	93933 10142 1708 639
43	107960	0.0	3	95553 9995 1725 687
44	108153	0.0	3	95517 10246 1662 728
45	104820	0.0	3	92623 9790 1763 644
46	104113	0.0	3	92004 9830 1644 635
47	99059	0.0	3	87732 9111 1626 590
48	94772	0.0	3	83927 8801 1495 549
49	92769	0.0	3	82063 8631 1513 562
50	89378	0.0	3	78955 8450 1426 547
51	86258	0.0	3	76326 8051 1323 558
52	86352	0.0	3	76552 7871 1380 549
53	85590	0.0	3	75765 7890 1402 533
54	86426	0.0	3	76621 7943 1384 478
55	84746	0.0	3	75086 7855 1312 493
56	82557	0.0	3	73111 7645 1316 485
57	79235	0.0	3	70238 7283 1258 456
58	75639	0.0	3	66969 7052 1174 444
59	70330	0.0	3	62252 6579 1106 393
60	67312	0.0	3	59496 6363 1030 423
61	65509	0.0	3	58020 6106 983 400
62	63827	0.0	3	56739 5786 938 364
63	63248	0.0	3	56094 5856 962 336
64	63114	0.0	3	56107 5737 944 326
65	61418	0.0	3	54482 5600 976 360
66	59425	0.0	3	52634 5539 894 358
67	57726	0.0	3	51165 5304 927 330
68	53227	0.0	3	47250 4905 787 285
69	50901	0.0	3	45029 4708 858 306
70	47071	0.0	3	41669 4404 728 270
71	44365	0.0	3	39394 4030 678 263
72	41848	0.0	3	37167 3801 631 249
73	39153	0.0	3	34733 3585 622 213
74	38417	0.0	3	34148 3455 573 241
75	37959	0.0	3	33649 3510 569 231
76	35573	0.0	3	31499 3349 519 206
77	34099	0.0	3	30266 3127 522 184
78	32347	0.0	3	28695 3012 471 169
79	29218	0.0	3	25916 2704 444 154
80	26276	0.0	3	23338 2408 369 161
81	23470	0.0	3	20817 2149 366 138
82	21545	0.0	3	19151 1979 305 110
83	19833	0.0	3	17516 1830 328 159
84	18286	0.0	3	16179 1712 289 106
85	16575	0.0	3	14684 1551 236 104
86	16070	0.0	3	14306 1424 244 96
87	14453	0.0	3	12815 1333 216 89
88	13033	0.0	3	11652 1129 185 67
89	11192	0.0	3	9955 1020 162 55
90	9679	0.0	3	8557 932 130 60
91	8384	0.0	3	7455 760 125 44
92	6970	0.0	3	6184 649 88 49
93	5817	0.0	3	5134 554 94 35
94	5026	0.0	3	4455 465 71 35
95	4560	0.0	3	4042 409 77 32
96	4076	0.0	3	3570 407 73 26
97	3464	0.0	3	3048 341 56 19
98	3091	0.0	3	2750 252 61 28
99	2570	0.0	3	2274 235 42 19
100	2175	0.0	3	1926 200 32 17
101	1689	0.0	3	1491 143 36 19
102	1338	0.0	3	1168 123 26 21
103	1099	0.0	3	944 102 27 26
104	846	0.0	3	711 95 17 23
105	710	0.0	3	600 77 23 10
106	578	0.0	3	491 59 17 11
107	553	0.0	3	467 59 19 8
108	538	0.0	3	454 53 18 13
109	451	0.0	3	373 48 14 16
110	341	0.0	3	281 38 13 9
111	312	0.0	3	254 28 15 15
112	215	0.0	3	160 27 16 12
113	200	0.0	3	157 22 9 12
114	156	0.0	3	114 21 14 7
115	123	0.0	3	92 14 12 5
116	97	0.0	3	74 12 2 9
117	119	0.0	3	77 16 18 8
118	86	0.0	3	51 14 10 11
119	84	0.0	3	55 12 11 6
120	81	0.0	3	57 13 4 7
121	71	0.0	3	45 14 10 2
122	41	0.0	3	28 8 3 2
123	47	0.0	3	31 4 6 6
124	49	0.0	3	24 10 5 10
125	62	0.0	3	43 11 6 2
126	50	0.0	3	31 11 4 4
127	51	0.0	3	28 15 5 3
128	27	0.0	3	15 8 2 2
129	46	0.0	3	33 8 3 2
130	47	0.0	3	34 7 4 2
131	55	0.0	3	35 14 3 3
132	25	0.0	3	15 5 3 2
133	39	0.0	3	30 6 2 1
134	15	0.0	3	11 2 1 1
135	16	0.0	3	12 1 1 2
136	28	0.0	3	25 3
137	24	0.0	3	14 4 3 3
138	38	0.0	3	27 4 3 4
139	17	0.0	3	7 4 1 5
140	17	0.0	3	8 6 3
141	29	0.0	3	7 4 0 18
142	10	0.0	3	4 2 1 3
143	15	0.0	3	3 3 6 3
144	13	0.0	3	3 0 0 10
145	15	0.0	3	9 1 5
146	12	0.0	3	1 2 3 6
147	41	0.0	3	26 6 4 5
148	13	0.0	3	1 0 4 8
149	28	0.0	3	2 2 17 7
150	19089	0.0	3	1 17274 1643 171


=== Second read: Adapter 2 ===

Sequence: AGATCGGAAGAGCGTCGTGTAGGGAAAGAGTGT; Type: regular 3'; Length: 33; Trimmed: 9347646 times

Minimum overlap: 3
No. of allowed errors:
1-9 bp: 0; 10-19 bp: 1; 20-29 bp: 2; 30-33 bp: 3

Bases preceding removed adapters:
  A: 9.9%
  C: 51.0%
  G: 25.9%
  T: 13.1%
  none/other: 0.0%

Overview of removed sequences
length	count	expect	max.err	error counts
3	1070684	857825.4	0	1070684
4	343999	214456.3	0	343999
5	213797	53614.1	0	213797
6	176273	13403.5	0	176273
7	165504	3350.9	0	165504
8	161782	837.7	0	161782
9	161773	209.4	0	160707 1066
10	167052	52.4	1	160944 6108
11	168047	13.1	1	162541 5506
12	167948	3.3	1	162547 5401
13	166955	0.8	1	161583 5372
14	166087	0.2	1	161018 5069
15	162933	0.1	1	157361 5572
16	154977	0.0	1	149583 5394
17	149703	0.0	1	144322 5381
18	146551	0.0	1	139288 7261 2
19	143417	0.0	1	136446 6916 55
20	147564	0.0	2	136063 9730 1771
21	147757	0.0	2	135553 10174 2030
22	147643	0.0	2	135794 9991 1858
23	148072	0.0	2	136004 10080 1988
24	146841	0.0	2	134799 10027 2015
25	139353	0.0	2	117955 18329 3069
26	140339	0.0	2	111315 24207 4817
27	128573	0.0	2	93473 27813 7277 10
28	126668	0.0	2	92310 26989 7303 66
29	125806	0.0	2	65271 39353 16867 4315
30	123741	0.0	3	64807 38562 15424 4948
31	121769	0.0	3	52510 37968 21825 9466
32	121251	0.0	3	52551 37591 22042 9067
33	116257	0.0	3	34914 31363 32056 17924
34	114405	0.0	3	33957 33020 29369 18059
35	114104	0.0	3	34329 32106 29626 18043
36	107991	0.0	3	35393 29019 26655 16924
37	111423	0.0	3	37053 31988 26457 15925
38	103177	0.0	3	32772 28391 26145 15869
39	100644	0.0	3	32521 27914 24896 15313
40	101473	0.0	3	32752 27679 25810 15232
41	99199	0.0	3	32533 27456 25120 14090
42	98501	0.0	3	31509 28204 24507 14281
43	99914	0.0	3	33276 28439 24582 13617
44	100207	0.0	3	31736 28838 26248 13385
45	96980	0.0	3	31816 28803 23768 12593
46	96628	0.0	3	30823 29392 24078 12335
47	92570	0.0	3	31114 27201 22558 11697
48	89115	0.0	3	29611 26400 22330 10774
49	86914	0.0	3	29308 26174 21109 10323
50	83937	0.0	3	29325 24990 20383 9239
51	80800	0.0	3	27899 24968 18829 9104
52	81123	0.0	3	27387 26264 18774 8698
53	80393	0.0	3	28865 24909 18067 8552
54	80912	0.0	3	29214 25989 17134 8575
55	79852	0.0	3	29290 25053 17207 8302
56	78038	0.0	3	29946 23028 16697 8367
57	74827	0.0	3	28050 23451 16143 7183
58	71325	0.0	3	26921 21519 15612 7273
59	66594	0.0	3	24971 20901 14387 6335
60	64069	0.0	3	24014 20056 14290 5709
61	62180	0.0	3	23828 19787 12929 5636
62	60968	0.0	3	22955 20141 12985 4887
63	60160	0.0	3	23454 19042 12400 5264
64	60574	0.0	3	22883 20588 12262 4841
65	58942	0.0	3	22790 19241 11958 4953
66	57195	0.0	3	21923 19355 11659 4258
67	55428	0.0	3	22418 17658 11100 4252
68	51273	0.0	3	20323 17898 9495 3557
69	48952	0.0	3	19417 16720 9277 3538
70	45321	0.0	3	18179 15213 8841 3088
71	42799	0.0	3	16884 14427 8394 3094
72	40386	0.0	3	16077 13941 7564 2804
73	37910	0.0	3	15375 12985 7101 2449
74	37087	0.0	3	15440 12668 6532 2447
75	36769	0.0	3	15242 12702 6640 2185
76	34465	0.0	3	14347 11814 6268 2036
77	33023	0.0	3	13934 11652 5601 1836
78	31403	0.0	3	13109 10859 5637 1798
79	28346	0.0	3	12012 9946 4810 1578
80	25495	0.0	3	10438 9652 4070 1335
81	22806	0.0	3	9939 7918 3778 1171
82	20965	0.0	3	9029 7362 3578 996
83	19288	0.0	3	8374 7058 2942 914
84	17818	0.0	3	7770 6732 2488 828
85	16127	0.0	3	7175 5688 2437 827
86	15663	0.0	3	7204 5284 2446 729
87	14034	0.0	3	6365 4828 2163 678
88	12673	0.0	3	5655 4593 1862 563
89	10883	0.0	3	4891 3940 1590 462
90	9454	0.0	3	4320 3362 1370 402
91	8188	0.0	3	3624 3007 1229 328
92	6794	0.0	3	3156 2396 964 278
93	5686	0.0	3	2680 1976 801 229
94	4909	0.0	3	2294 1750 696 169
95	4469	0.0	3	2097 1599 619 154
96	3989	0.0	3	1904 1428 507 150
97	3403	0.0	3	1616 1196 458 133
98	3020	0.0	3	1363 1089 437 131
99	2501	0.0	3	1158 898 356 89
100	2140	0.0	3	1025 763 272 80
101	1647	0.0	3	788 570 216 73
102	1291	0.0	3	612 468 161 50
103	1070	0.0	3	473 365 171 61
104	818	0.0	3	397 276 107 38
105	678	0.0	3	317 248 79 34
106	553	0.0	3	267 180 84 22
107	539	0.0	3	252 178 77 32
108	519	0.0	3	238 171 78 32
109	427	0.0	3	191 156 50 30
110	326	0.0	3	140 115 50 21
111	300	0.0	3	131 112 33 24
112	190	0.0	3	78 66 29 17
113	195	0.0	3	89 66 21 19
114	141	0.0	3	48 56 22 15
115	119	0.0	3	44 37 24 14
116	88	0.0	3	38 24 12 14
117	92	0.0	3	33 31 19 9
118	73	0.0	3	25 30 11 7
119	70	0.0	3	30 17 13 10
120	71	0.0	3	27 25 13 6
121	58	0.0	3	16 23 15 4
122	43	0.0	3	17 12 6 8
123	40	0.0	3	14 12 8 6
124	39	0.0	3	13 11 10 5
125	55	0.0	3	10 21 15 9
126	44	0.0	3	15 14 7 8
127	43	0.0	3	13 17 6 7
128	25	0.0	3	7 11 3 4
129	41	0.0	3	19 12 5 5
130	42	0.0	3	15 14 5 8
131	45	0.0	3	13 21 8 3
132	21	0.0	3	7 8 3 3
133	37	0.0	3	16 10 5 6
134	13	0.0	3	7 3 3
135	12	0.0	3	7 3 1 1
136	28	0.0	3	15 10 3
137	17	0.0	3	8 7 2
138	30	0.0	3	21 4 4 1
139	8	0.0	3	6 2
140	10	0.0	3	5 3 1 1
141	11	0.0	3	2 9
142	4	0.0	3	2 1 1
143	3	0.0	3	1 1 1
144	3	0.0	3	1 2
145	9	0.0	3	3 6
146	3	0.0	3	2 1
147	30	0.0	3	21 9
148	1	0.0	3	1
149	2	0.0	3	0 2
150	5	0.0	3	0 5
	Command being timed: "cutadapt -a AGATCGGAAGAGCACACGTCTGAACTCCAGTCA -A AGATCGGAAGAGCGTCGTGTAGGGAAAGAGTGT -o Cco_com101_EO_adult_1_1_cut.fastq.gz -p Cco_com101_EO_adult_1_2_cut.fastq.gz Cco_com101_EO_adult_1_1.fastq.gz Cco_com101_EO_adult_1_2.fastq.gz"
	User time (seconds): 546.81
	System time (seconds): 1.94
	Percent of CPU this job got: 99%
	Elapsed (wall clock) time (h:mm:ss or m:ss): 9:12.43
	Average shared text size (kbytes): 0
	Average unshared data size (kbytes): 0
	Average stack size (kbytes): 0
	Average total size (kbytes): 0
	Maximum resident set size (kbytes): 38296
	Average resident set size (kbytes): 0
	Major (requiring I/O) page faults: 0
	Minor (reclaiming a frame) page faults: 7576
	Voluntary context switches: 2966
	Involuntary context switches: 215
	Swaps: 0
	File system inputs: 0
	File system outputs: 0
	Socket messages sent: 0
	Socket messages received: 0
	Signals delivered: 0
	Page size (bytes): 4096
	Exit status: 0
This is cutadapt 5.2 with Python 3.12.14
Command line parameters: -a AGATCGGAAGAGCACACGTCTGAACTCCAGTCA -A AGATCGGAAGAGCGTCGTGTAGGGAAAGAGTGT -o CcoxCrh_comrhy110_EO_adult_1_1.fastq.gz -p CcoxCrh_comrhy110_EO_adult_1_2.fastq.gz CcoxCrh_comrhy110_EO_adult_1_1_cut.fastq.gz CcoxCrh_comrhy110_EO_adult_1_2_cut.fastq.gz
[Errno 2] No such file or directory: 'CcoxCrh_comrhy110_EO_adult_1_1_cut.fastq.gz'
Command exited with non-zero status 1
	Command being timed: "cutadapt -a AGATCGGAAGAGCACACGTCTGAACTCCAGTCA -A AGATCGGAAGAGCGTCGTGTAGGGAAAGAGTGT -o CcoxCrh_comrhy110_EO_adult_1_1.fastq.gz -p CcoxCrh_comrhy110_EO_adult_1_2.fastq.gz CcoxCrh_comrhy110_EO_adult_1_1_cut.fastq.gz CcoxCrh_comrhy110_EO_adult_1_2_cut.fastq.gz"
	User time (seconds): 0.06
	System time (seconds): 0.02
	Percent of CPU this job got: 93%
	Elapsed (wall clock) time (h:mm:ss or m:ss): 0:00.10
	Average shared text size (kbytes): 0
	Average unshared data size (kbytes): 0
	Average stack size (kbytes): 0
	Average total size (kbytes): 0
	Maximum resident set size (kbytes): 21476
	Average resident set size (kbytes): 0
	Major (requiring I/O) page faults: 0
	Minor (reclaiming a frame) page faults: 4858
	Voluntary context switches: 44
	Involuntary context switches: 1
	Swaps: 0
	File system inputs: 0
	File system outputs: 0
	Socket messages sent: 0
	Socket messages received: 0
	Signals delivered: 0
	Page size (bytes): 4096
	Exit status: 1
