TrimmomaticPE: Started with arguments:
 -threads 8 CcoxCrh_comrhy110_EO_adult_1_1_cut.fastq.gz CcoxCrh_comrhy110_EO_adult_1_2_cut.fastq.gz CcoxCrh_comrhy110_EO_adult_1_1_paired.fastq.gz CcoxCrh_comrhy110_EO_adult_1_1_unpaired.fastq.gz CcoxCrh_comrhy110_EO_adult_1_2_paired.fastq.gz CcoxCrh_comrhy110_EO_adult_1_2_unpaired.fastq.gz LEADING:3 TRAILING:3 SLIDINGWINDOW:5:15 MINLEN:35
Quality encoding detected as phred33
Input Read Pairs: 8870047 Both Surviving: 8775408 (98.93%) Forward Only Surviving: 71049 (0.80%) Reverse Only Surviving: 20491 (0.23%) Dropped: 3099 (0.03%)
TrimmomaticPE: Completed successfully
	Command being timed: "trimmomatic PE -threads 8 -Xmx16g CcoxCrh_comrhy110_EO_adult_1_1_cut.fastq.gz CcoxCrh_comrhy110_EO_adult_1_2_cut.fastq.gz CcoxCrh_comrhy110_EO_adult_1_1_paired.fastq.gz CcoxCrh_comrhy110_EO_adult_1_1_unpaired.fastq.gz CcoxCrh_comrhy110_EO_adult_1_2_paired.fastq.gz CcoxCrh_comrhy110_EO_adult_1_2_unpaired.fastq.gz LEADING:3 TRAILING:3 SLIDINGWINDOW:5:15 MINLEN:35"
	User time (seconds): 573.52
	System time (seconds): 13.13
	Percent of CPU this job got: 578%
	Elapsed (wall clock) time (h:mm:ss or m:ss): 1:41.48
	Average shared text size (kbytes): 0
	Average unshared data size (kbytes): 0
	Average stack size (kbytes): 0
	Average total size (kbytes): 0
	Maximum resident set size (kbytes): 5328232
	Average resident set size (kbytes): 0
	Major (requiring I/O) page faults: 0
	Minor (reclaiming a frame) page faults: 206922
	Voluntary context switches: 17234
	Involuntary context switches: 6772
	Swaps: 0
	File system inputs: 0
	File system outputs: 536
	Socket messages sent: 0
	Socket messages received: 0
	Signals delivered: 0
	Page size (bytes): 4096
	Exit status: 0
