	Command being timed: "zcat Cco_com101_EO_adult_1_1_paired.fastq.gz"
	User time (seconds): 70.26
	System time (seconds): 4.92
	Percent of CPU this job got: 70%
	Elapsed (wall clock) time (h:mm:ss or m:ss): 1:46.11
	Average shared text size (kbytes): 0
	Average unshared data size (kbytes): 0
	Average stack size (kbytes): 0
	Average total size (kbytes): 0
	Maximum resident set size (kbytes): 3196
	Average resident set size (kbytes): 0
	Major (requiring I/O) page faults: 0
	Minor (reclaiming a frame) page faults: 491
	Voluntary context switches: 4926
	Involuntary context switches: 133
	Swaps: 0
	File system inputs: 0
	File system outputs: 0
	Socket messages sent: 0
	Socket messages received: 0
	Signals delivered: 0
	Page size (bytes): 4096
	Exit status: 0
	Command being timed: "zcat Cco_com101_EO_adult_1_2_paired.fastq.gz"
	User time (seconds): 73.55
	System time (seconds): 5.16
	Percent of CPU this job got: 72%
	Elapsed (wall clock) time (h:mm:ss or m:ss): 1:48.18
	Average shared text size (kbytes): 0
	Average unshared data size (kbytes): 0
	Average stack size (kbytes): 0
	Average total size (kbytes): 0
	Maximum resident set size (kbytes): 3076
	Average resident set size (kbytes): 0
	Major (requiring I/O) page faults: 0
	Minor (reclaiming a frame) page faults: 401
	Voluntary context switches: 2088
	Involuntary context switches: 135
	Swaps: 0
	File system inputs: 0
	File system outputs: 0
	Socket messages sent: 0
	Socket messages received: 0
	Signals delivered: 0
	Page size (bytes): 4096
	Exit status: 0
	Command being timed: "zcat CcoxCrh_comrhy110_EO_adult_1_1_paired.fastq.gz"
	User time (seconds): 11.88
	System time (seconds): 0.82
	Percent of CPU this job got: 71%
	Elapsed (wall clock) time (h:mm:ss or m:ss): 0:17.68
	Average shared text size (kbytes): 0
	Average unshared data size (kbytes): 0
	Average stack size (kbytes): 0
	Average total size (kbytes): 0
	Maximum resident set size (kbytes): 3180
	Average resident set size (kbytes): 0
	Major (requiring I/O) page faults: 0
	Minor (reclaiming a frame) page faults: 303
	Voluntary context switches: 164
	Involuntary context switches: 24
	Swaps: 0
	File system inputs: 0
	File system outputs: 0
	Socket messages sent: 0
	Socket messages received: 0
	Signals delivered: 0
	Page size (bytes): 4096
	Exit status: 0
/usr/bin/time: cannot run CcoxCrh_comrhy110_EO_adult_1_2_paired.fastq.gz: No such file or directory
Command exited with non-zero status 127
	Command being timed: "CcoxCrh_comrhy110_EO_adult_1_2_paired.fastq.gz"
	User time (seconds): 0.00
	System time (seconds): 0.00
	Percent of CPU this job got: 79%
	Elapsed (wall clock) time (h:mm:ss or m:ss): 0:00.00
	Average shared text size (kbytes): 0
	Average unshared data size (kbytes): 0
	Average stack size (kbytes): 0
	Average total size (kbytes): 0
	Maximum resident set size (kbytes): 1016
	Average resident set size (kbytes): 0
	Major (requiring I/O) page faults: 0
	Minor (reclaiming a frame) page faults: 24
	Voluntary context switches: 1
	Involuntary context switches: 0
	Swaps: 0
	File system inputs: 0
	File system outputs: 0
	Socket messages sent: 0
	Socket messages received: 0
	Signals delivered: 0
	Page size (bytes): 4096
	Exit status: 127
