This is cutadapt 5.2 with Python 3.12.14
Command line parameters: -a AGATCGGAAGAGCACACGTCTGAACTCCAGTCA -A AGATCGGAAGAGCGTCGTGTAGGGAAAGAGTGT -o CcoxCrh_comrhy110_EO_adult_1_1_cut.fastq.gz -p CcoxCrh_comrhy110_EO_adult_1_2_cut.fastq.gz CcoxCrh_comrhy110_EO_adult_1_1.fastq.gz CcoxCrh_comrhy110_EO_adult_1_2.fastq.gz
Processing paired-end reads on 1 core ...

=== Summary ===

Total read pairs processed:          8,870,047
  Read 1 with adapter:               1,934,140 (21.8%)
  Read 2 with adapter:               1,915,215 (21.6%)
Pairs written (passing filters):     8,870,047 (100.0%)

Total basepairs processed: 2,661,014,100 bp
  Read 1: 1,330,507,050 bp
  Read 2: 1,330,507,050 bp
Total written (filtered):  2,562,147,554 bp (96.3%)
  Read 1: 1,279,681,073 bp
  Read 2: 1,282,466,481 bp

=== First read: Adapter 1 ===

Sequence: AGATCGGAAGAGCACACGTCTGAACTCCAGTCA; Type: regular 3'; Length: 33; Trimmed: 1934140 times

Minimum overlap: 3
No. of allowed errors:
1-9 bp: 0; 10-19 bp: 1; 20-29 bp: 2; 30-33 bp: 3

Bases preceding removed adapters:
  A: 11.2%
  C: 24.1%
  G: 50.0%
  T: 14.6%
  none/other: 0.0%

Overview of removed sequences
length	count	expect	max.err	error counts
3	159811	138594.5	0	159811
4	68544	34648.6	0	68544
5	47214	8662.2	0	47214
6	41618	2165.5	0	41618
7	40620	541.4	0	40620
8	39504	135.3	0	39504
9	40851	33.8	0	40631 220
10	39966	8.5	1	38638 1328
11	41157	2.1	1	39735 1422
12	39217	0.5	1	37643 1574
13	40040	0.1	1	38389 1651
14	40550	0.0	1	38759 1791
15	40657	0.0	1	38837 1820
16	38771	0.0	1	36999 1772
17	37901	0.0	1	36009 1892
18	36532	0.0	1	34616 1875 41
19	36649	0.0	1	34463 2124 62
20	36552	0.0	2	34184 2048 320
21	35861	0.0	2	33369 2179 313
22	36375	0.0	2	33829 2171 375
23	36074	0.0	2	33532 2160 382
24	35842	0.0	2	33282 2178 382
25	35061	0.0	2	32397 2272 392
26	33814	0.0	2	31232 2253 329
27	34520	0.0	2	31769 2358 380 13
28	33567	0.0	2	30890 2297 357 23
29	32347	0.0	2	29373 2559 393 22
30	31052	0.0	3	28005 2540 353 154
31	30637	0.0	3	27479 2612 412 134
32	30670	0.0	3	27581 2556 398 135
33	30779	0.0	3	27683 2560 368 168
34	29497	0.0	3	26488 2478 368 163
35	28794	0.0	3	25884 2396 383 131
36	27697	0.0	3	24911 2297 355 134
37	28287	0.0	3	25346 2440 360 141
38	27591	0.0	3	24748 2379 347 117
39	26845	0.0	3	24162 2213 353 117
40	26000	0.0	3	23437 2151 297 115
41	25214	0.0	3	22716 2062 302 134
42	23831	0.0	3	21505 1949 273 104
43	23648	0.0	3	21277 1963 285 123
44	22332	0.0	3	20090 1882 257 103
45	21560	0.0	3	19511 1715 248 86
46	21028	0.0	3	19075 1645 228 80
47	20475	0.0	3	18416 1685 279 95
48	19239	0.0	3	17276 1646 249 68
49	18426	0.0	3	16559 1573 223 71
50	16984	0.0	3	15319 1389 207 69
51	16044	0.0	3	14470 1317 192 65
52	15896	0.0	3	14365 1299 167 65
53	15144	0.0	3	13735 1189 155 65
54	14028	0.0	3	12716 1120 151 41
55	14072	0.0	3	12744 1147 130 51
56	12312	0.0	3	11178 974 113 47
57	11372	0.0	3	10322 884 126 40
58	11191	0.0	3	10155 877 105 54
59	9875	0.0	3	8977 761 104 33
60	9360	0.0	3	8459 760 113 28
61	8988	0.0	3	8134 700 108 46
62	7797	0.0	3	7007 681 78 31
63	7380	0.0	3	6715 568 69 28
64	6874	0.0	3	6253 537 54 30
65	6395	0.0	3	5817 492 64 22
66	5542	0.0	3	5006 460 55 21
67	5194	0.0	3	4727 399 56 12
68	4605	0.0	3	4186 357 44 18
69	4263	0.0	3	3855 343 48 17
70	3728	0.0	3	3379 291 40 18
71	3722	0.0	3	3393 281 37 11
72	3143	0.0	3	2857 242 36 8
73	2760	0.0	3	2508 216 26 10
74	2437	0.0	3	2210 200 14 13
75	2371	0.0	3	2144 185 30 12
76	2074	0.0	3	1881 158 23 12
77	1843	0.0	3	1662 160 14 7
78	1637	0.0	3	1471 139 19 8
79	1494	0.0	3	1350 115 17 12
80	1259	0.0	3	1144 94 16 5
81	1166	0.0	3	1054 102 9 1
82	1002	0.0	3	926 61 13 2
83	1030	0.0	3	916 97 14 3
84	859	0.0	3	763 77 15 4
85	697	0.0	3	636 49 10 2
86	655	0.0	3	607 44 3 1
87	625	0.0	3	565 54 4 2
88	576	0.0	3	527 36 11 2
89	416	0.0	3	371 30 8 7
90	436	0.0	3	381 46 7 2
91	363	0.0	3	326 25 8 4
92	312	0.0	3	280 25 5 2
93	281	0.0	3	255 20 5 1
94	266	0.0	3	247 17 2
95	249	0.0	3	230 14 3 2
96	170	0.0	3	153 12 5
97	162	0.0	3	142 14 4 2
98	169	0.0	3	152 15 1 1
99	153	0.0	3	133 14 4 2
100	116	0.0	3	106 7 0 3
101	95	0.0	3	79 8 5 3
102	102	0.0	3	86 7 4 5
103	81	0.0	3	76 4 1
104	63	0.0	3	53 8 1 1
105	67	0.0	3	61 4 2
106	63	0.0	3	57 5 0 1
107	66	0.0	3	55 8 2 1
108	40	0.0	3	34 4 0 2
109	47	0.0	3	45 0 1 1
110	36	0.0	3	31 5
111	38	0.0	3	34 4
112	22	0.0	3	20 1 0 1
113	24	0.0	3	20 1 2 1
114	13	0.0	3	13
115	11	0.0	3	9 1 1
116	8	0.0	3	7 1
117	15	0.0	3	11 2 1 1
118	23	0.0	3	16 4 2 1
119	9	0.0	3	7 0 0 2
120	14	0.0	3	11 3
121	11	0.0	3	4 3 1 3
122	5	0.0	3	5
123	5	0.0	3	4 1
124	8	0.0	3	7 0 1
125	6	0.0	3	3 0 0 3
126	1	0.0	3	1
127	2	0.0	3	2
128	1	0.0	3	1
129	1	0.0	3	0 0 0 1
130	5	0.0	3	4 1
131	3	0.0	3	1 1 0 1
132	2	0.0	3	2
133	1	0.0	3	0 0 0 1
134	1	0.0	3	1
137	1	0.0	3	1
138	2	0.0	3	1 1
139	1	0.0	3	1
140	1	0.0	3	0 1
142	1	0.0	3	1
145	1	0.0	3	1
147	1	0.0	3	1
148	1	0.0	3	0 0 0 1
150	538	0.0	3	0 501 35 2


=== Second read: Adapter 2 ===

Sequence: AGATCGGAAGAGCGTCGTGTAGGGAAAGAGTGT; Type: regular 3'; Length: 33; Trimmed: 1915215 times

Minimum overlap: 3
No. of allowed errors:
1-9 bp: 0; 10-19 bp: 1; 20-29 bp: 2; 30-33 bp: 3

Bases preceding removed adapters:
  A: 9.8%
  C: 25.2%
  G: 53.0%
  T: 12.0%
  none/other: 0.0%

Overview of removed sequences
length	count	expect	max.err	error counts
3	206127	138594.5	0	206127
4	71279	34648.6	0	71279
5	48004	8662.2	0	48004
6	42225	2165.5	0	42225
7	40952	541.4	0	40952
8	39755	135.3	0	39755
9	39948	33.8	0	39669 279
10	40008	8.5	1	37867 2141
11	41843	2.1	1	39647 2196
12	39323	0.5	1	37319 2004
13	40492	0.1	1	38379 2113
14	40365	0.0	1	38379 1986
15	40514	0.0	1	38211 2303
16	38842	0.0	1	36597 2245
17	37657	0.0	1	35493 2164
18	36158	0.0	1	33341 2815 2
19	36260	0.0	1	33478 2749 33
20	36330	0.0	2	31508 3991 831
21	35581	0.0	2	30597 4104 880
22	35997	0.0	2	30684 4379 934
23	35828	0.0	2	30771 4095 962
24	35490	0.0	2	30337 4341 812
25	34446	0.0	2	26446 6441 1559
26	32974	0.0	2	23731 7196 2047
27	33116	0.0	2	22277 8006 2828 5
28	32135	0.0	2	21767 7559 2790 19
29	30509	0.0	2	16093 9017 4311 1088
30	29977	0.0	3	15128 8951 4172 1726
31	28858	0.0	3	12653 8370 5220 2615
32	28699	0.0	3	13099 7974 5024 2602
33	27250	0.0	3	8176 7741 6824 4509
34	25919	0.0	3	8115 7390 6318 4096
35	25727	0.0	3	7757 7809 6406 3755
36	24566	0.0	3	7742 7098 5940 3786
37	25338	0.0	3	7801 7813 6129 3595
38	24665	0.0	3	7545 7360 6152 3608
39	24241	0.0	3	7583 7757 5646 3255
40	23465	0.0	3	7363 7513 5427 3162
41	22807	0.0	3	7599 6870 5294 3044
42	21642	0.0	3	7516 6410 4888 2828
43	21527	0.0	3	7273 6238 4964 3052
44	20243	0.0	3	7150 6041 4521 2531
45	19698	0.0	3	6550 5834 4759 2555
46	19186	0.0	3	6478 5787 4466 2455
47	18780	0.0	3	6017 5869 4482 2412
48	17564	0.0	3	5982 5490 3955 2137
49	17021	0.0	3	5747 5313 4009 1952
50	15672	0.0	3	5495 4815 3478 1884
51	14953	0.0	3	5119 5031 3200 1603
52	14742	0.0	3	5390 4542 3094 1716
53	14032	0.0	3	5123 4341 2974 1594
54	13055	0.0	3	4735 4220 2760 1340
55	13120	0.0	3	5038 4138 2630 1314
56	11468	0.0	3	4161 3740 2416 1151
57	10645	0.0	3	4014 3352 2156 1123
58	10430	0.0	3	3874 3241 2167 1148
59	9269	0.0	3	3392 2874 2019 984
60	8784	0.0	3	3268 2815 1859 842
61	8439	0.0	3	3009 2872 1781 777
62	7341	0.0	3	2860 2367 1431 683
63	6966	0.0	3	2731 2161 1374 700
64	6530	0.0	3	2615 2024 1306 585
65	6059	0.0	3	2395 1925 1156 583
66	5269	0.0	3	2112 1709 1013 435
67	4923	0.0	3	1983 1516 968 456
68	4403	0.0	3	1709 1458 860 376
69	4057	0.0	3	1614 1288 816 339
70	3562	0.0	3	1325 1214 750 273
71	3527	0.0	3	1429 1142 648 308
72	3025	0.0	3	1152 1084 576 213
73	2637	0.0	3	1110 853 493 181
74	2356	0.0	3	916 813 469 158
75	2287	0.0	3	938 774 389 186
76	2013	0.0	3	869 719 307 118
77	1776	0.0	3	745 621 272 138
78	1580	0.0	3	731 516 248 85
79	1443	0.0	3	616 487 237 103
80	1216	0.0	3	574 389 194 59
81	1117	0.0	3	502 365 188 62
82	984	0.0	3	420 342 150 72
83	999	0.0	3	441 324 154 80
84	833	0.0	3	403 262 128 40
85	682	0.0	3	328 214 90 50
86	640	0.0	3	271 254 78 37
87	612	0.0	3	292 212 90 18
88	561	0.0	3	270 188 77 26
89	404	0.0	3	179 120 77 28
90	428	0.0	3	182 148 75 23
91	347	0.0	3	162 115 55 15
92	305	0.0	3	132 111 44 18
93	276	0.0	3	121 94 44 17
94	258	0.0	3	135 67 42 14
95	240	0.0	3	104 78 43 15
96	167	0.0	3	74 56 26 11
97	154	0.0	3	59 60 24 11
98	164	0.0	3	67 70 19 8
99	151	0.0	3	74 43 25 9
100	112	0.0	3	57 43 7 5
101	88	0.0	3	46 27 14 1
102	94	0.0	3	35 40 14 5
103	84	0.0	3	41 27 9 7
104	63	0.0	3	30 20 10 3
105	70	0.0	3	35 23 9 3
106	61	0.0	3	33 17 7 4
107	60	0.0	3	34 15 10 1
108	39	0.0	3	16 17 4 2
109	46	0.0	3	17 19 8 2
110	38	0.0	3	19 11 6 2
111	39	0.0	3	17 13 6 3
112	20	0.0	3	10 7 3
113	23	0.0	3	9 8 5 1
114	13	0.0	3	5 5 3
115	10	0.0	3	1 2 5 2
116	8	0.0	3	3 4 1
117	15	0.0	3	3 5 5 2
118	18	0.0	3	11 5 1 1
119	8	0.0	3	3 2 0 3
120	14	0.0	3	8 5 1
121	11	0.0	3	3 4 3 1
122	5	0.0	3	2 1 1 1
123	5	0.0	3	1 2 2
124	8	0.0	3	3 2 3
125	6	0.0	3	4 1 1
126	1	0.0	3	0 1
127	3	0.0	3	2 1
128	1	0.0	3	1
129	2	0.0	3	0 1 0 1
130	4	0.0	3	2 0 2
131	3	0.0	3	2 0 0 1
132	2	0.0	3	2
133	1	0.0	3	0 1
134	1	0.0	3	0 0 1
137	1	0.0	3	0 1
138	1	0.0	3	1
139	1	0.0	3	1
140	1	0.0	3	1
142	1	0.0	3	1
145	1	0.0	3	0 1
147	1	0.0	3	0 1
	Command being timed: "cutadapt -a AGATCGGAAGAGCACACGTCTGAACTCCAGTCA -A AGATCGGAAGAGCGTCGTGTAGGGAAAGAGTGT -o CcoxCrh_comrhy110_EO_adult_1_1_cut.fastq.gz -p CcoxCrh_comrhy110_EO_adult_1_2_cut.fastq.gz CcoxCrh_comrhy110_EO_adult_1_1.fastq.gz CcoxCrh_comrhy110_EO_adult_1_2.fastq.gz"
	User time (seconds): 64.55
	System time (seconds): 0.21
	Percent of CPU this job got: 96%
	Elapsed (wall clock) time (h:mm:ss or m:ss): 1:07.25
	Average shared text size (kbytes): 0
	Average unshared data size (kbytes): 0
	Average stack size (kbytes): 0
	Average total size (kbytes): 0
	Maximum resident set size (kbytes): 38136
	Average resident set size (kbytes): 0
	Major (requiring I/O) page faults: 0
	Minor (reclaiming a frame) page faults: 7497
	Voluntary context switches: 1282
	Involuntary context switches: 56
	Swaps: 0
	File system inputs: 0
	File system outputs: 0
	Socket messages sent: 0
	Socket messages received: 0
	Signals delivered: 0
	Page size (bytes): 4096
	Exit status: 0
