TrimmomaticPE: Started with arguments:
 -threads 8 Cco_com101_EO_adult_1_1_cut.fastq.gz Cco_com101_EO_adult_1_2_cut.fastq.gz Cco_com101_EO_adult_1_1_paired.fastq.gz Cco_com101_EO_adult_1_1_unpaired.fastq.gz Cco_com101_EO_adult_1_2_paired.fastq.gz Cco_com101_EO_adult_1_2_unpaired.fastq.gz LEADING:3 TRAILING:3 SLIDING WINDOW:5:15 MINLEN:35
Exception in thread "main" java.lang.RuntimeException: Unknown trimmer: SLIDING
	at org.usadellab.trimmomatic.trim.TrimmerFactory.makeTrimmer(TrimmerFactory.java:68)
	at org.usadellab.trimmomatic.Trimmomatic.createTrimmers(Trimmomatic.java:51)
	at org.usadellab.trimmomatic.TrimmomaticPE.run(TrimmomaticPE.java:394)
	at org.usadellab.trimmomatic.Trimmomatic.main(Trimmomatic.java:88)
Command exited with non-zero status 1
	Command being timed: "trimmomatic PE -threads 8 Cco_com101_EO_adult_1_1_cut.fastq.gz Cco_com101_EO_adult_1_2_cut.fastq.gz Cco_com101_EO_adult_1_1_paired.fastq.gz Cco_com101_EO_adult_1_1_unpaired.fastq.gz Cco_com101_EO_adult_1_2_paired.fastq.gz Cco_com101_EO_adult_1_2_unpaired.fastq.gz LEADING:3 TRAILING:3 SLIDING WINDOW:5:15 MINLEN:35"
	User time (seconds): 0.06
	System time (seconds): 0.13
	Percent of CPU this job got: 12%
	Elapsed (wall clock) time (h:mm:ss or m:ss): 0:01.62
	Average shared text size (kbytes): 0
	Average unshared data size (kbytes): 0
	Average stack size (kbytes): 0
	Average total size (kbytes): 0
	Maximum resident set size (kbytes): 39304
	Average resident set size (kbytes): 0
	Major (requiring I/O) page faults: 0
	Minor (reclaiming a frame) page faults: 14566
	Voluntary context switches: 646
	Involuntary context switches: 3
	Swaps: 0
	File system inputs: 0
	File system outputs: 64
	Socket messages sent: 0
	Socket messages received: 0
	Signals delivered: 0
	Page size (bytes): 4096
	Exit status: 1
TrimmomaticPE: Started with arguments:
 -threads 8 CcoxCrh_comrhy110_EO_adult_1_1_cut.fastq.gz CcoxCrh_comrhy110_EO_adult_1_2_cut.fastq.gz CcoxCrh_comrhy110_EO_adult_1_1_paired.fastq.gz CcoxCrh_comrhy110_EO_adult_1_1_unpaired.fastq.gz CcoxCrh_comrhy110_EO_adult_1_2_paired.fastq.gz CcoxCrh_comrhy110_EO_adult_1_2_unpaired.fastq.gz LEADING:3 TRAILING:3 SLIDING WINDOW:5:15 MINLEN:35
Exception in thread "main" java.lang.RuntimeException: Unknown trimmer: SLIDING
	at org.usadellab.trimmomatic.trim.TrimmerFactory.makeTrimmer(TrimmerFactory.java:68)
	at org.usadellab.trimmomatic.Trimmomatic.createTrimmers(Trimmomatic.java:51)
	at org.usadellab.trimmomatic.TrimmomaticPE.run(TrimmomaticPE.java:394)
	at org.usadellab.trimmomatic.Trimmomatic.main(Trimmomatic.java:88)
Command exited with non-zero status 1
	Command being timed: "trimmomatic PE -threads 8 CcoxCrh_comrhy110_EO_adult_1_1_cut.fastq.gz CcoxCrh_comrhy110_EO_adult_1_2_cut.fastq.gz CcoxCrh_comrhy110_EO_adult_1_1_paired.fastq.gz CcoxCrh_comrhy110_EO_adult_1_1_unpaired.fastq.gz CcoxCrh_comrhy110_EO_adult_1_2_paired.fastq.gz CcoxCrh_comrhy110_EO_adult_1_2_unpaired.fastq.gz LEADING:3 TRAILING:3 SLIDING WINDOW:5:15 MINLEN:35"
	User time (seconds): 0.05
	System time (seconds): 0.05
	Percent of CPU this job got: 139%
	Elapsed (wall clock) time (h:mm:ss or m:ss): 0:00.08
	Average shared text size (kbytes): 0
	Average unshared data size (kbytes): 0
	Average stack size (kbytes): 0
	Average total size (kbytes): 0
	Maximum resident set size (kbytes): 41148
	Average resident set size (kbytes): 0
	Major (requiring I/O) page faults: 0
	Minor (reclaiming a frame) page faults: 14498
	Voluntary context switches: 254
	Involuntary context switches: 7
	Swaps: 0
	File system inputs: 0
	File system outputs: 64
	Socket messages sent: 0
	Socket messages received: 0
	Signals delivered: 0
	Page size (bytes): 4096
	Exit status: 1
