This is cutadapt 5.2 with Python 3.12.14
Command line parameters: -a AGATCGGAAGAGCACACGTCTGAACTCCAGTCA -A AGATCGGAAGAGCGTCGTGTAGGGAAAGAGTGT -o CcoxCrh_comrhy110_EO_adult_1_1.fastq.gz -p CcoxCrh_comrhy110_EO_adult_1_2.fastq.gz CcoxCrh_comrhy110_EO_adult_1_1_cut.fastq.gz CcoxCrh_comrhy110_EO_adult_1_2_cut.fastq.gz
[Errno 2] No such file or directory: 'CcoxCrh_comrhy110_EO_adult_1_1_cut.fastq.gz'
Command exited with non-zero status 1
	Command being timed: "cutadapt -a AGATCGGAAGAGCACACGTCTGAACTCCAGTCA -A AGATCGGAAGAGCGTCGTGTAGGGAAAGAGTGT -o CcoxCrh_comrhy110_EO_adult_1_1.fastq.gz -p CcoxCrh_comrhy110_EO_adult_1_2.fastq.gz CcoxCrh_comrhy110_EO_adult_1_1_cut.fastq.gz CcoxCrh_comrhy110_EO_adult_1_2_cut.fastq.gz"
	User time (seconds): 0.06
	System time (seconds): 0.02
	Percent of CPU this job got: 94%
	Elapsed (wall clock) time (h:mm:ss or m:ss): 0:00.09
	Average shared text size (kbytes): 0
	Average unshared data size (kbytes): 0
	Average stack size (kbytes): 0
	Average total size (kbytes): 0
	Maximum resident set size (kbytes): 21072
	Average resident set size (kbytes): 0
	Major (requiring I/O) page faults: 0
	Minor (reclaiming a frame) page faults: 4760
	Voluntary context switches: 43
	Involuntary context switches: 1
	Swaps: 0
	File system inputs: 0
	File system outputs: 0
	Socket messages sent: 0
	Socket messages received: 0
	Signals delivered: 0
	Page size (bytes): 4096
	Exit status: 1
